// Vitest Snapshot v1, https://vitest.dev/guide/snapshot.html

exports[`buildWorkoutAnalysisPrompt > emits a stable prompt for a representative ride (pure-extraction snapshot) 1`] = `
"You are an expert cycling coach analyzing a workout.

Your persona is: **Supportive**. Adapt your tone and feedback style accordingly.
Preferred Language: English (CRITICAL: ALL analysis, summaries, and text responses MUST be written in this language)



ATHLETE CONTEXT:

- Age: 35

- Sex: male

- Height: 180 cm

- Weight: 72.0 kg


## Global Athlete Context / About Me / Special Instructions
Masters athlete, prefers metric units.



## Recent Symptoms & Recovery Context
- 2026-03-12 | illness | severity 6/10 | sore throat

Use this symptom context when interpreting RPE, heart rate, and perceived difficulty. Do not frame illness-related elevation in RPE as poor execution unless the workout facts clearly support that conclusion.






**IMPORTANT - Workout Type Context**: This is a **Ride** workout. This is a cycling workout. Analyze power metrics, pacing, cadence (RPM), and pedaling efficiency where available.



## Workout Details

- **Date**: 2026-03-15

- **Title**: Sweet Spot Intervals

- **Type**: Ride

- **Duration**: 90 minutes (5400s)



## Planned Workout Context (Adherence Check)

This workout was linked to a planned training session. Compare the actual execution against these targets:

- **Planned Title**: SST 3x12

- **Planned Description**: Sweet spot blocks

- **Planned Duration**: 60 min

- **Planned TSS**: 78

- **Planned Intensity**: 88%



When analyzing "Execution" and "Effort", specifically reference how well the athlete stuck to this plan. Did they go too hard? Too easy? Did they match the duration?


## Defined Training Zones (Reference)
- **FTP**: 275 W
- **LTHR**: 168 bpm
- **Preferred Load Metric**: POWER
- **Metric Priority Order**: POWER > HR > PACE
- **Heart Rate Zones**:
  - Z1: 90-120 bpm
- **Power Zones**:
  - Z2: 150-200 W

## Metric Priority Rules
- **Preferred Metric Order**: POWER > HR > PACE
- **Primary Metric for this analysis**: POWER (available)
- **Secondary Metric for corroboration**: HR (available)
- **Hard Rule**: Base most conclusions on POWER evidence. Use other metrics mainly for corroboration.
- **Distance**: 48.00 km
- **Elevation Gain**: 620 m

## Power Metrics
- Average Power: 231W
- Max Power: 812W
- Normalized Power: 248W
- Weighted Avg Power: 250W
- FTP at time: 275W
- Intensity Factor: 0.900

## Heart Rate & Cadence
- Average HR: 148 bpm
- Max HR: 176 bpm
- Average Cadence: 88 rpm
- Max Cadence: 121 rpm

## Performance Indicators
- Variability Index (VI): 1.070
- Efficiency Factor (EF): 1.68 (Watts/HR - higher is better)
- Power/HR Ratio: 1.56
- L/R Balance (Left%/Right%): 48.6/51.4
  - Interpretation: first value is LEFT leg share, second is RIGHT leg share
  - Dominant side in this workout: Right

## Training Load
- TSS: 96
- Training Load: 101.0
- Kilojoules: 1240.0 kJ

## Fitness Status
- CTL (Fitness): 71.0
- ATL (Fatigue): 84.0
- TSB (Form): -13.0

## Subjective Metrics
- RPE: 7/10
- Feel: 8/10 (10=Strong, 2=Weak)

## Environment
- Indoor Trainer: No
- Avg Temperature: 21.0°C

## Work vs Recovery Aggregates
Duration-weighted averages over the resolved WORK and RECOVERY segments of the Interval Breakdown below (warmup and cooldown excluded). Any claim about interval, rep, or threshold execution MUST quote these figures, never the session averages above.

### Work Intervals
- Segments: 1
- Total Time: 12m 0s
- Average Segment Length: 12m 0s
- Average Power (duration-weighted): 255W
- Average HR (duration-weighted): 155 bpm
- Average Cadence (duration-weighted): 90 rpm

### Recovery Between Work
- Segments: 1
- Total Time: 5m 0s
- Average Segment Length: 5m 0s
- Average Power (duration-weighted): 120W
- Average HR (duration-weighted): 128 bpm
- Average Cadence (duration-weighted): 78 rpm

## Interval Breakdown
Segmentation source: provider laps (labels re-derived). These are the same segments the Calculated Workout Facts v2 block above is computed over -- quote reps from this table only.

### Interval 1: WORK
- Duration: 12m 0s
- Avg Power: 255W
- Intensity: 0.93 IF (93% of threshold)
- Avg HR: 155 bpm
- Avg Cadence: 90 rpm

### Interval 2: RECOVERY
- Duration: 5m 0s
- Avg Power: 120W
- Intensity: 0.44 IF (44% of threshold)
- Avg HR: 128 bpm
- Avg Cadence: 78 rpm

## Workout Description
3x12 min sweet spot

## Athlete Notes
Legs felt strong throughout


## Analysis Request

You are a **Supportive** cycling coach analyzing this workout. Adopt this persona fully in your analysis.

Provide a structured analysis with these sections:

1. **Executive Summary**: Write 2-3 friendly, encouraging sentences highlighting the most important findings. Keep it conversational and positive.

2. **Pacing Strategy**: Analyze power variability (VI), surging behavior, and pacing discipline
   - Assign status: excellent/good/moderate/needs_improvement/poor
   - Provide 3-5 separate, concise bullet points (each as a separate array item, not paragraphs)
   - Each point should be 1-2 sentences maximum

3. **Pedaling Efficiency**: Evaluate cadence patterns, L/R balance, and technique
   - Assign status: excellent/good/moderate/needs_improvement/poor
   - Provide 3-5 separate, concise bullet points (each as a separate array item)
   - Each point should be 1-2 sentences maximum

4. **Power Application**: Assess consistency, fade patterns, and zone adherence
   - Assign status: excellent/good/moderate/needs_improvement/poor
   - Provide 3-5 separate, concise bullet points (each as a separate array item)
   - Each point should be 1-2 sentences maximum

5. **Workout Execution**: Evaluate target achievement and interval quality
   - Assign status: excellent/good/moderate/needs_improvement/poor
   - Provide 3-5 separate, concise bullet points (each as a separate array item)
   - Each point should be 1-2 sentences maximum

6. **Efficiency & Fatigue**: Analyze endurance fade, power stability, and heart rate recovery trends.
   - Assign status: excellent/good/moderate/needs_improvement/poor
   - Provide 2-4 separate, concise bullet points (each as a separate array item)
   - Each point should be 1-2 sentences maximum

6. **Recommendations**: Provide 2-4 specific, actionable recommendations with:
   - Clear, friendly title
   - Description (2-3 sentences) consistent with your persona
   - Priority level (high/medium/low)

7. **Strengths & Weaknesses**:
   - List 2-4 key strengths (short phrases or single sentences)
   - List 2-4 areas for improvement (short phrases or single sentences)

8. **Performance Scores** (1-10 scale for tracking progress over time):
   - **Overall**: Holistic assessment of workout quality (consider all factors)
   - **Technical**: Form, technique, efficiency (e.g., cadence, power smoothness, L/R balance)
   - **Effort**: Was the effort level appropriate for the workout goals? (RPE vs planned intensity)
   - **Pacing**: How well was pacing managed? (variability, surge control, discipline)
   - **Execution**: How well was the workout plan/structure executed? (interval targets, rest periods)
   
   Scoring Guidelines:
   - 9-10: Exceptional, elite-level performance
   - 7-8: Strong, solid execution with minor areas to improve
   - 5-6: Adequate, met basic requirements but room for improvement
   - 3-4: Needs work, several areas requiring attention
   - 1-2: Poor execution, significant issues to address

IMPORTANT:
- Each analysis_point must be a separate, concise item in the array
- Maintain your **Supportive** persona throughout
- Be specific with numbers
- Focus on actionable advice
- Tailor your analysis to the workout type (Ride) - ignore metrics that don't apply
- Scores should be realistic and track progress over time - don't inflate scores
- Follow these guardrails strictly:
- Do not recommend purchasing new hardware or equipment from a single-workout analysis unless there is an explicit, repeated measurement limitation clearly stated in the facts.
- Do not use ATL, CTL, or TSB alone as proof of technique breakdown; they are context only.
- Prioritize metrics in this order: POWER > HR > PACE.
- Use POWER as the primary evidence base whenever available.
- Every claim about interval, rep, or threshold execution must quote the figures from "## Work vs Recovery Aggregates" (or a specific row of "## Interval Breakdown"). The session averages under Power Metrics, Heart Rate & Cadence and Pace & Speed cover the whole file including warmup, recoveries and cooldown, so they must never be described as interval, rep or threshold values.
- When a work-only figure and the session average disagree, that gap is the shape of the session, not an error to reconcile; judge the intervals on the work-only figure."
`;
